node.exe : (node:42788)
 [UNDICI-EHPA] Warning:
 EnvHttpProxyAgent is e
xperimental, expect the
m to change at any time
.
所在位置 D:\NodeJs\nodejs\n
px.ps1:15 字符: 14
+ $NPM_PREFIX=(& $NODE_
EXE $NPM_PREFIX_JS)
+              ~~~~~~~~
~~~~~~~~~~~~~~~~~~
    + CategoryInfo     
         : NotSpecifi  
  ed: ((node:42788)    
 [U...ge at any tim    
e.:String) [], Rem    o
teException
    + FullyQualifiedEr 
   rorId : NativeComm  
  andError
 
(Use `node --trace-warn
ings ...` to show where
 the warning was create
d)
node.exe : (node:7348) 
[UNDICI-EHPA] Warning: 
EnvHttpProxyAgent is ex
perimental, expect them
 to change at any time.
所在位置 行:1 字符: 1
+ & "D:\NodeJs\nodejs/n
ode.exe" "D:\NodeJs\nod
ejs/node_modules/npm/bi
n/ ...
+ ~~~~~~~~~~~~~~~~~~~~~
~~~~~~~~~~~~~~~~~~~~~~~
~~~~~~~~~~~~~~~~~~~~~~~
~~
    + CategoryInfo     
         : NotSpecifi  
  ed: ((node:7348) [   
 UN...ge at any tim    
e.:String) [], Rem    o
teException
    + FullyQualifiedEr 
   rorId : NativeComm  
  andError
 
(Use `node --trace-warn
ings ...` to show where
 the warning was create
d)
app/projects/[id]/generate/page.tsx(10,24): error TS2307: Cannot find module '@/components/ui/button' or its corresponding type declarations.
app/projects/[id]/generate/page.tsx(11,23): error TS2307: Cannot find module '@/components/ui/input' or its corresponding type declarations.
app/projects/[id]/generate/page.tsx(12,74): error TS2307: Cannot find module '@/components/ui/tooltip' or its corresponding type declarations.
app/projects/[id]/generate/page.tsx(13,20): error TS2307: Cannot find module '@/lib/utils' or its corresponding type declarations.
node_modules/next/dist/build/templates/app-page.d.ts(11,25): error TS2307: Cannot find module 'VAR_MODULE_GLOBAL_ERROR' or its corresponding type declarations.
node_modules/next/dist/build/webpack-config.d.ts(10,104): error TS2694: Namespace '"f:/Code/pycharm/Spectra/frontend/node_modules/next/dist/compiled/webpack/webpack".webpack' has no exported member 'RuleSetUseItem'.
node_modules/next/dist/build/webpack/loaders/next-app-loader/index.d.ts(1,13): error TS2613: Module '"f:/Code/pycharm/Spectra/frontend/node_modules/next/dist/compiled/webpack/webpack"' has no default export. Did you mean to use 'import { webpack } from "f:/Code/pycharm/Spectra/frontend/node_modules/next/dist/compiled/webpack/webpack"' instead?
node_modules/next/dist/client/components/error-boundary.d.ts(1,8): error TS1259: Module '"f:/Code/pycharm/Spectra/frontend/node_modules/@types/react/index"' can only be default-imported using the 'esModuleInterop' flag
node_modules/next/dist/client/components/http-access-fallback/error-boundary.d.ts(11,8): error TS1259: Module '"f:/Code/pycharm/Spectra/frontend/node_modules/@types/react/index"' can only be default-imported using the 'esModuleInterop' flag
node_modules/next/dist/client/components/layout-router.d.ts(2,8): error TS1259: Module '"f:/Code/pycharm/Spectra/frontend/node_modules/@types/react/index"' can only be default-imported using the 'esModuleInterop' flag
node_modules/next/dist/client/with-router.d.ts(1,8): error TS1259: Module '"f:/Code/pycharm/Spectra/frontend/node_modules/@types/react/index"' can only be default-imported using the 'esModuleInterop' flag
node_modules/next/dist/lib/metadata/metadata.d.ts(1,8): error TS1259: Module '"f:/Code/pycharm/Spectra/frontend/node_modules/@types/react/index"' can only be default-imported using the 'esModuleInterop' flag
node_modules/next/dist/next-devtools/dev-overlay/shared.d.ts(181,20): error TS2694: Namespace 'React' has no exported member 'ActionDispatch'.
node_modules/next/dist/next-devtools/userspace/pages/pages-dev-overlay-setup.d.ts(1,8): error TS1259: Module '"f:/Code/pycharm/Spectra/frontend/node_modules/@types/react/index"' can only be default-imported using the 'esModuleInterop' flag
node_modules/next/dist/server/app-render/entry-base.d.ts(1,114): error TS2307: Cannot find module 'react-server-dom-webpack/server' or its corresponding type declarations.
node_modules/next/dist/server/app-render/entry-base.d.ts(2,49): error TS2307: Cannot find module 'react-server-dom-webpack/static' or its corresponding type declarations.
node_modules/next/dist/shared/lib/amp-context.shared-runtime.d.ts(1,8): error TS1259: Module '"f:/Code/pycharm/Spectra/frontend/node_modules/@types/react/index"' can only be default-imported using the 'esModuleInterop' flag
node_modules/next/dist/shared/lib/app-router-context.shared-runtime.d.ts(4,8): error TS1259: Module '"f:/Code/pycharm/Spectra/frontend/node_modules/@types/react/index"' can only be default-imported using the 'esModuleInterop' flag
node_modules/next/dist/shared/lib/head-manager-context.shared-runtime.d.ts(1,8): error TS1259: Module '"f:/Code/pycharm/Spectra/frontend/node_modules/@types/react/index"' can only be default-imported using the 'esModuleInterop' flag
node_modules/next/dist/shared/lib/image-config-context.shared-runtime.d.ts(1,8): error TS1259: Module '"f:/Code/pycharm/Spectra/frontend/node_modules/@types/react/index"' can only be default-imported using the 'esModuleInterop' flag
node_modules/next/dist/shared/lib/loadable-context.shared-runtime.d.ts(1,8): error TS1259: Module '"f:/Code/pycharm/Spectra/frontend/node_modules/@types/react/index"' can only be default-imported using the 'esModuleInterop' flag
node_modules/next/dist/shared/lib/loadable.shared-runtime.d.ts(21,8): error TS1259: Module '"f:/Code/pycharm/Spectra/frontend/node_modules/@types/react/index"' can only be default-imported using the 'esModuleInterop' flag
node_modules/next/dist/shared/lib/router-context.shared-runtime.d.ts(1,8): error TS1259: Module '"f:/Code/pycharm/Spectra/frontend/node_modules/@types/react/index"' can only be default-imported using the 'esModuleInterop' flag
node_modules/next/dist/shared/lib/server-inserted-html.shared-runtime.d.ts(1,8): error TS1259: Module '"f:/Code/pycharm/Spectra/frontend/node_modules/@types/react/index"' can only be default-imported using the 'esModuleInterop' flag
node_modules/next/dist/shared/lib/utils.d.ts(10,13): error TS1192: Module '"fs"' has no default export.
node_modules/next/dist/types.d.ts(8,13): error TS1259: Module '"f:/Code/pycharm/Spectra/frontend/node_modules/@types/react/index"' can only be default-imported using the 'esModuleInterop' flag
